MPASM  5.06                         OKTAY.ASM   5-22-2007  9:23:22         PAGE  1


LOC  OBJECT CODE     LINE SOURCE TEXT
  VALUE

                      00001 
Warning[205]: Found directive in column 1. (LIST)
                      00002 LIST p=16F84A
Warning[205]: Found directive in column 1. (INCLUDE)
                      00003 INCLUDE "P16F84A.inc"
                      00001         LIST
                      00002 ; P16F84A.INC  Standard Header File, Version 2.00    Microchip Technology, Inc.
                      00134         LIST
                      00004 
Warning[205]: Found directive in column 1. (__CONFIG)
2007   3FF3           00005 __CONFIG  _CP_OFF &_WDT_OFF &_PWRTE_ON &_RC_OSC
                      00006 
Warning[205]: Found directive in column 1. (ORG)
0000                  00007 ORG 0X00
                      00008 
  00000021            00009 S1 EQU H'21'
  00000022            00010 S2 EQU H'22'
  00000023            00011 S3 EQU H'23'
  00000024            00012 CNTR EQU H'24'
                      00013 
0000                  00014 BASLA
0000   0186           00015         CLRF    PORTB
0001   01A4           00016         CLRF    CNTR
0002   1683           00017         BSF     STATUS,5
Message[302]: Register in operand not in bank 0.  Ensure that bank bits are correct.
0003   0186           00018         CLRF    TRISB
0004   1283           00019         BCF     STATUS,5
0005                  00020 SHOW
0005   3020           00021         MOVLW   B'00100000'
0006   0086           00022         MOVWF   PORTB
0007   201E           00023         CALL    DLY
                      00024         
0008   3010           00025         MOVLW   B'00010000'
0009   0086           00026         MOVWF   PORTB
000A   201E           00027         CALL    DLY     
                      00028         
000B   3080           00029         MOVLW   B'10000000'
000C   0086           00030         MOVWF   PORTB
000D   201E           00031         CALL    DLY
                      00032 
000E   3001           00033         MOVLW   B'00000001'
000F   0086           00034         MOVWF   PORTB
0010   201E           00035         CALL    DLY
                      00036 
0011   3002           00037         MOVLW   B'00000010'
0012   0086           00038         MOVWF   PORTB
0013   201E           00039         CALL    DLY
                      00040 
0014   3004           00041         MOVLW   B'00000100'
0015   0086           00042         MOVWF   PORTB
0016   201E           00043         CALL    DLY 
                      00044         
0017   3080           00045         MOVLW   B'10000000'
MPASM  5.06                         OKTAY.ASM   5-22-2007  9:23:22         PAGE  2


LOC  OBJECT CODE     LINE SOURCE TEXT
  VALUE

0018   0086           00046         MOVWF   PORTB
0019   201E           00047         CALL    DLY
                      00048 
001A   3040           00049         MOVLW   B'01000000'
001B   0086           00050         MOVWF   PORTB
001C   201E           00051         CALL    DLY
                      00052 
001D   2805           00053         GOTO    SHOW
                      00054 
                      00055 
001E                  00056 DLY
001E   3005           00057         MOVLW   D'5'
001F   00A1           00058         MOVWF   S1
0020                  00059 L1
0020   30FA           00060         MOVLW   D'250'
0021   00A2           00061         MOVWF   S2
0022                  00062 L2
0022   30FA           00063         MOVLW   D'250'
0023   00A3           00064         MOVWF   S3
0024                  00065 L3
0024   0BA3           00066         DECFSZ  S3,F
0025   2824           00067         GOTO    L3
0026   0BA2           00068         DECFSZ  S2,F
0027   2822           00069         GOTO    L2
0028   0BA1           00070         DECFSZ  S1,F
0029   2820           00071         GOTO    L1
Warning[203]: Found opcode in column 1. (RETURN)
002A   0008           00072 RETURN
Warning[205]: Found directive in column 1. (END)
                      00073 END
MPASM  5.06                         OKTAY.ASM   5-22-2007  9:23:22         PAGE  3


SYMBOL TABLE
  LABEL                             VALUE 

BASLA                             00000000
C                                 00000000
CNTR                              00000024
DC                                00000001
DLY                               0000001E
EEADR                             00000009
EECON1                            00000088
EECON2                            00000089
EEDATA                            00000008
EEIE                              00000006
EEIF                              00000004
F                                 00000001
FSR                               00000004
GIE                               00000007
INDF                              00000000
INTCON                            0000000B
INTE                              00000004
INTEDG                            00000006
INTF                              00000001
IRP                               00000007
L1                                00000020
L2                                00000022
L3                                00000024
NOT_PD                            00000003
NOT_RBPU                          00000007
NOT_TO                            00000004
OPTION_REG                        00000081
PCL                               00000002
PCLATH                            0000000A
PORTA                             00000005
PORTB                             00000006
PS0                               00000000
PS1                               00000001
PS2                               00000002
PSA                               00000003
RBIE                              00000003
RBIF                              00000000
RD                                00000000
RP0                               00000005
RP1                               00000006
S1                                00000021
S2                                00000022
S3                                00000023
SHOW                              00000005
STATUS                            00000003
T0CS                              00000005
T0IE                              00000005
T0IF                              00000002
T0SE                              00000004
TMR0                              00000001
TRISA                             00000085
TRISB                             00000086
W                                 00000000
MPASM  5.06                         OKTAY.ASM   5-22-2007  9:23:22         PAGE  4


SYMBOL TABLE
  LABEL                             VALUE 

WR                                00000001
WREN                              00000002
WRERR                             00000003
Z                                 00000002
_CP_OFF                           00003FFF
_CP_ON                            0000000F
_HS_OSC                           00003FFE
_LP_OSC                           00003FFC
_PWRTE_OFF                        00003FFF
_PWRTE_ON                         00003FF7
_RC_OSC                           00003FFF
_WDT_OFF                          00003FFB
_WDT_ON                           00003FFF
_XT_OSC                           00003FFD
__16F84A                          00000001


MEMORY USAGE MAP ('X' = Used,  '-' = Unused)

0000 : XXXXXXXXXXXXXXXX XXXXXXXXXXXXXXXX XXXXXXXXXXX----- ----------------
2000 : -------X-------- ---------------- ---------------- ----------------

All other memory blocks unused.

Program Memory Words Used:    43
Program Memory Words Free:   981


Errors   :     0
Warnings :     6 reported,     0 suppressed
Messages :     1 reported,     0 suppressed

